JJ17harsad
iJ17harsad
mJ17harsad
mJ17harsad
yJ17harsad
Ji17harsad
ii17harsad
mi17harsad
mi17harsad
yi17harsad
Jm17harsad
im17harsad
mm17harsad
mm17harsad
ym17harsad
Jm17harsad
im17harsad
mm17harsad
mm17harsad
ym17harsad
Jy17harsad
iy17harsad
my17harsad
my17harsad
yy17harsad
Jimmydd17
Jimmyds17
Jimmyda17
Jimmydd17
Jimmyds17
Jimmyda17
Jimmydd17
Jimmyds17
Jimmyda17
Jimmydg17
Jimmydf17
Jimmydd17
Jimmyds17
Jimmydf17
Jimmyds17
Jimmyda17
Jimmydd17
Jimmysd17
Jimmyss17
Jimmysa17
Jimmysd17
Jimmyss17
Jimmysa17
Jimmysd17
Jimmyss17
Jimmysa17
Jimmysg17
Jimmysf17
Jimmysd17
Jimmyss17
Jimmysf17
Jimmyss17
Jimmysa17
Jimmysd17
Jimmyad17
Jimmyas17
Jimmyaa17
Jimmyad17
Jimmyas17
Jimmyaa17
Jimmyad17
Jimmyas17
Jimmyaa17
Jimmyag17
Jimmyaf17
Jimmyad17
Jimmyas17
Jimmyaf17
Jimmyas17
Jimmyaa17
Jimmyad17
Jimmydd17
Jimmyds17
Jimmyda17
Jimmydd17
Jimmyds17
Jimmyda17
Jimmydd17
Jimmyds17
Jimmyda17
Jimmydg17
Jimmydf17
Jimmydd17
Jimmyds17
Jimmydf17
Jimmyds17
Jimmyda17
Jimmydd17
Jimmysd17
Jimmyss17
Jimmysa17
Jimmysd17
Jimmyss17
Jimmysa17
Jimmysd17
Jimmyss17
Jimmysa17
Jimmysg17
Jimmysf17
Jimmysd17
Jimmyss17
Jimmysf17
Jimmyss17
Jimmysa17
Jimmysd17
Jimmyad17
Jimmyas17
Jimmyaa17
Jimmyad17
Jimmyas17
Jimmyaa17
Jimmyad17
Jimmyas17
Jimmyaa17
Jimmyag17
Jimmyaf17
Jimmyad17
Jimmyas17
Jimmyaf17
Jimmyas17
Jimmyaa17
Jimmyad17
Jimmydd17
Jimmyds17
Jimmyda17
Jimmydd17
Jimmyds17
Jimmyda17
Jimmydd17
Jimmyds17
Jimmyda17
Jimmydg17
Jimmydf17
Jimmydd17
Jimmyds17
Jimmydf17
Jimmyds17
Jimmyda17
Jimmydd17
Jimmysd17
Jimmyss17
Jimmysa17
Jimmysd17
Jimmyss17
Jimmysa17
Jimmysd17
Jimmyss17
Jimmysa17
Jimmysg17
Jimmysf17
Jimmysd17
Jimmyss17
Jimmysf17
Jimmyss17
Jimmysa17
Jimmysd17
Jimmyad17
Jimmyas17
Jimmyaa17
Jimmyad17
Jimmyas17
Jimmyaa17
Jimmyad17
Jimmyas17
Jimmyaa17
Jimmyag17
Jimmyaf17
Jimmyad17
Jimmyas17
Jimmyaf17
Jimmyas17
Jimmyaa17
Jimmyad17
Jimmygd17
Jimmygs17
Jimmyga17
Jimmygd17
Jimmygs17
Jimmyga17
Jimmygd17
Jimmygs17
Jimmyga17
Jimmygg17
Jimmygf17
Jimmygd17
Jimmygs17
Jimmygf17
Jimmygs17
Jimmyga17
Jimmygd17
Jimmyfd17
Jimmyfs17
Jimmyfa17
Jimmyfd17
Jimmyfs17
Jimmyfa17
Jimmyfd17
Jimmyfs17
Jimmyfa17
Jimmyfg17
Jimmyff17
Jimmyfd17
Jimmyfs17
Jimmyff17
Jimmyfs17
Jimmyfa17
Jimmyfd17
Jimmydd17
Jimmyds17
Jimmyda17
Jimmydd17
Jimmyds17
Jimmyda17
Jimmydd17
Jimmyds17
Jimmyda17
Jimmydg17
Jimmydf17
Jimmydd17
Jimmyds17
Jimmydf17
Jimmyds17
Jimmyda17
Jimmydd17
Jimmysd17
Jimmyss17
Jimmysa17
Jimmysd17
Jimmyss17
Jimmysa17
Jimmysd17
Jimmyss17
Jimmysa17
Jimmysg17
Jimmysf17
Jimmysd17
Jimmyss17
Jimmysf17
Jimmyss17
Jimmysa17
Jimmysd17
Jimmyfd17
Jimmyfs17
Jimmyfa17
Jimmyfd17
Jimmyfs17
Jimmyfa17
Jimmyfd17
Jimmyfs17
Jimmyfa17
Jimmyfg17
Jimmyff17
Jimmyfd17
Jimmyfs17
Jimmyff17
Jimmyfs17
Jimmyfa17
Jimmyfd17
Jimmysd17
Jimmyss17
Jimmysa17
Jimmysd17
Jimmyss17
Jimmysa17
Jimmysd17
Jimmyss17
Jimmysa17
Jimmysg17
Jimmysf17
Jimmysd17
Jimmyss17
Jimmysf17
Jimmyss17
Jimmysa17
Jimmysd17
Jimmyad17
Jimmyas17
Jimmyaa17
Jimmyad17
Jimmyas17
Jimmyaa17
Jimmyad17
Jimmyas17
Jimmyaa17
Jimmyag17
Jimmyaf17
Jimmyad17
Jimmyas17
Jimmyaf17
Jimmyas17
Jimmyaa17
Jimmyad17
Jimmydd17
Jimmyds17
Jimmyda17
Jimmydd17
Jimmyds17
Jimmyda17
Jimmydd17
Jimmyds17
Jimmyda17
Jimmydg17
Jimmydf17
Jimmydd17
Jimmyds17
Jimmydf17
Jimmyds17
Jimmyda17
Jimmydd17
17cccPellerin
17cchPellerin
17ccaPellerin
17ccrPellerin
17chcPellerin
17chhPellerin
17chaPellerin
17chrPellerin
17cacPellerin
17cahPellerin
17caaPellerin
17carPellerin
17crcPellerin
17crhPellerin
17craPellerin
17crrPellerin
17hccPellerin
17hchPellerin
17hcaPellerin
17hcrPellerin
17hhcPellerin
17hhhPellerin
17hhaPellerin
17hhrPellerin
17hacPellerin
17hahPellerin
17haaPellerin
17harPellerin
17hrcPellerin
17hrhPellerin
17hraPellerin
17hrrPellerin
17accPellerin
17achPellerin
17acaPellerin
17acrPellerin
17ahcPellerin
17ahhPellerin
17ahaPellerin
17ahrPellerin
17aacPellerin
17aahPellerin
17aaaPellerin
17aarPellerin
17arcPellerin
17arhPellerin
17araPellerin
17arrPellerin
17rccPellerin
17rchPellerin
17rcaPellerin
17rcrPellerin
17rhcPellerin
17rhhPellerin
17rhaPellerin
17rhrPellerin
17racPellerin
17rahPellerin
17raaPellerin
17rarPellerin
17rrcPellerin
17rrhPellerin
17rraPellerin
17rrrPellerin
